
> react-kavia@0.1.0 start
> cross-env EDIT_MODE=true webpack serve --config .ve/webpack.config.js --mode development

<i> [webpack-dev-server] Project is running at:
<i> [webpack-dev-server] Loopback: http://localhost:3000/, http://[::1]:3000/
<i> [webpack-dev-server] On Your Network (IPv4): http://172.17.0.2:3000/
<i> [webpack-dev-server] Content not from webpack is served from './public' directory
Injecting EditorRootWrapper import: ../.ve/EditorRootWrapper
asset bundle.js 1.44 MiB [emitted] (name: main)
asset index.html 1.92 KiB [emitted]
runtime modules 27.5 KiB 14 modules
modules by path ./node_modules/ 1.24 MiB 31 modules
modules by path ./src/ 41.7 KiB
  modules by path ./src/*.css 13.8 KiB 6 modules
  modules by path ./src/*.js 27.9 KiB
    ./src/index.js 530 bytes [built] [code generated]
    + 2 modules
modules by path ./.ve/ 15.1 KiB
  modules by path ./.ve/*.js 10.6 KiB 2 modules
  modules by path ./.ve/*.css 2.93 KiB
    ./.ve/EditorOverlay.css 2.25 KiB [built] [code generated]
    ./node_modules/css-loader/dist/cjs.js!./.ve/EditorOverlay.css 697 bytes [built] [code generated]
  ./.ve/EditorOverlay.jsx 1.58 KiB [built] [code generated]
webpack 5.99.9 compiled successfully in 1347 ms
assets by status 1.92 KiB [cached] 1 asset
assets by path *.js 1.47 MiB
  asset bundle.js 1.44 MiB [emitted] (name: main)
  asset main.4f7c6c0acadb39f5ff8f.hot-update.js 33.8 KiB [emitted] [immutable] [hmr] (name: main)
asset main.4f7c6c0acadb39f5ff8f.hot-update.json 28 bytes [emitted] [immutable] [hmr]
Entrypoint main 1.47 MiB = bundle.js 1.44 MiB main.4f7c6c0acadb39f5ff8f.hot-update.js 33.8 KiB
cached modules 1.27 MiB [cached] 44 modules
runtime modules 27.5 KiB 14 modules
./src/ZodiacPulseContainer.js 27 KiB [built] [code generated]
webpack 5.99.9 compiled successfully in 196 ms
assets by status 1.92 KiB [cached] 1 asset
assets by path *.js 1.45 MiB
  asset bundle.js 1.42 MiB [emitted] (name: main)
  asset main.00d1a93895565deafcb6.hot-update.js 32.4 KiB [emitted] [immutable] [hmr] (name: main)
asset main.00d1a93895565deafcb6.hot-update.json 163 bytes [emitted] [immutable] [hmr]
Entrypoint main 1.45 MiB = bundle.js 1.42 MiB main.00d1a93895565deafcb6.hot-update.js 32.4 KiB
cached modules 1.26 MiB [cached] 41 modules
runtime modules 27.5 KiB 14 modules
./src/App.js 25.6 KiB [built] [code generated]
webpack 5.99.9 compiled successfully in 141 ms
assets by status 1.92 KiB [cached] 1 asset
assets by path *.js 1.42 MiB
  asset bundle.js 1.42 MiB [emitted] (name: main)
  asset main.7d453501947afc747adb.hot-update.js 5.01 KiB [emitted] [immutable] [hmr] (name: main)
asset main.7d453501947afc747adb.hot-update.json 28 bytes [emitted] [immutable] [hmr]
Entrypoint main 1.42 MiB = bundle.js 1.42 MiB main.7d453501947afc747adb.hot-update.js 5.01 KiB
cached modules 1.28 MiB [cached] 41 modules
runtime modules 27.5 KiB 14 modules
./node_modules/css-loader/dist/cjs.js!./src/App.css 2.54 KiB [built] [code generated]
webpack 5.99.9 compiled successfully in 37 ms
assets by status 1.92 KiB [cached] 1 asset
assets by path *.js 1.43 MiB
  asset bundle.js 1.42 MiB [emitted] (name: main)
  asset main.2cf4a6a988f785ddadae.hot-update.js 8.59 KiB [emitted] [immutable] [hmr] (name: main)
asset main.2cf4a6a988f785ddadae.hot-update.json 28 bytes [emitted] [immutable] [hmr]
Entrypoint main 1.43 MiB = bundle.js 1.42 MiB main.2cf4a6a988f785ddadae.hot-update.js 8.59 KiB
cached modules 1.28 MiB [cached] 41 modules
runtime modules 27.5 KiB 14 modules
./node_modules/css-loader/dist/cjs.js!./src/App.css 5.96 KiB [built] [code generated]
webpack 5.99.9 compiled successfully in 30 ms
